// Jest Snapshot v1, https://goo.gl/fbAQLP

exports[`reports a field that needs to be mocked with a function 1`] = `[Error: Network error: Field userById in query MyQuery takes arguments ({"id":"123"}), so it must be mocked as a function]`;

exports[`reports a function that returns undefined 1`] = `[Error: Network error: Resolver for field userById in query MyQuery returned undefined for arguments {"id":"123"}. If null is intended, return it explicitly.]`;

exports[`reports a missing field in the mock 1`] = `[Error: Network error: Value for field name is missing in query MyQuery]`;
